
> app-temp@0.1.0 build
> next build

Ôû▓ Next.js 16.1.6 (Turbopack)

  Creating an optimized production build ...
Ô£ô Compiled successfully in 1547.6ms
  Running TypeScript ...
  Collecting page data using 19 workers ...
  Generating static pages using 19 workers (0/27) ...
  Generating static pages using 19 workers (6/27) 
  Generating static pages using 19 workers (13/27) 
  Generating static pages using 19 workers (20/27) 
Ô£ô Generating static pages using 19 workers (27/27) in 1456.4ms
  Finalizing page optimization ...

Route (app)
Ôöî Ôùï /
Ôö£ Ôùï /_not-found
Ôö£ Ôùï /a-propos
Ôö£ Ôùï /api/search
Ôö£ Ôùï /biais
Ôö£ Ôùï /histoire
Ôö£ Ôùï /journal
Ôö£ ÔùÅ /journal/[slug]
Ôöé Ôö£ /journal/biais-cognitifs
Ôöé Ôö£ /journal/apple-smartphone-addiction-deliberee-manipulation-cognitive
Ôöé Ôö£ /journal/controle-reflexif-doctrine-sovietique-algorithmes
Ôöé Ôöö [+13 more paths]
Ôö£ Ôùï /robots.txt
Ôöö Ôùï /sitemap.xml


Ôùï  (Static)  prerendered as static content
ÔùÅ  (SSG)     prerendered as static HTML (uses generateStaticParams)

